
> prebuild
> prisma migrate deploy && prisma generate

Environment variables loaded from .env
Prisma schema loaded from prisma\schema.prisma
Datasource "db": SQLite database "dev.db" at "file:./dev.db"

24 migrations found in prisma/migrations


No pending migrations to apply.
Environment variables loaded from .env
Prisma schema loaded from prisma\schema.prisma

Γ£ö Generated Prisma Client (v5.22.0) to .\node_modules\@prisma\client in 185ms

Start by importing your Prisma Client (See: https://pris.ly/d/importing-client)

Tip: Need your database queries to be 1000x faster? Accelerate offers you that and more: https://pris.ly/tip-2-accelerate


> build
> tsc -p tsconfig.json

src/routes/document.routes.ts(474,9): error TS2353: Object literal may only specify known properties, and 'embeddingStatus' does not exist in type '(Without<DocumentChunkUpdateManyMutationInput, DocumentChunkUncheckedUpdateManyInput> & DocumentChunkUncheckedUpdateManyInput) | (Without<...> & DocumentChunkUpdateManyMutationInput)'.
